// Jest Snapshot v1, https://goo.gl/fbAQLP

exports[`renders Alert correctly 1`] = `
<div
  className="alert"
>
  <p>
    test
  </p>
  <button
    onClick={[Function]}
    type="button"
  >
    x
  </button>
</div>
`;
