// Jest Snapshot v1, https://goo.gl/fbAQLP

exports[`renders DetailItem correctly 1`] = `
<div
  className="item"
>
  <p
    className="title"
  >
    test
  </p>
  <p>
    10
  </p>
  <img
    alt="arrow"
    src="arrow.png"
  />
</div>
`;
