// Jest Snapshot v1, https://goo.gl/fbAQLP

exports[`renders Details correctly 1`] = `
<div
  className="home"
/>
`;
